// Jest Snapshot v1, https://goo.gl/fbAQLP

exports[`Building Sidecar should build a query sidecar with tabs [Related Resources] 1`] = `
Object {
  "badges": null,
  "content": <div
    class="scrollable bx--tile-related"
  >
    <a
      class="bx--link bx--tile bx--tile--clickable"
      tabindex="0"
    >
      <div
        class="bx--tile-container"
      >
        <span
          class="bx--structured-list-td-related-header"
        >
          1
        </span>
        <br />
        <span
          class="bx--structured-list-td-body"
        >
          Related secret
        </span>
      </div>
    </a>
    <a
      class="bx--link bx--tile bx--tile--clickable"
      tabindex="0"
    >
      <div
        class="bx--tile-container"
      >
        <span
          class="bx--structured-list-td-related-header"
        >
          1
        </span>
        <br />
        <span
          class="bx--structured-list-td-body"
        >
          Related node
        </span>
      </div>
    </a>
    <a
      class="bx--link bx--tile bx--tile--clickable"
      tabindex="0"
    >
      <div
        class="bx--tile-container"
      >
        <span
          class="bx--structured-list-td-related-header"
        >
          1
        </span>
        <br />
        <span
          class="bx--structured-list-td-body"
        >
          Related release
        </span>
      </div>
    </a>
    <a
      class="bx--link bx--tile bx--tile--clickable"
      tabindex="0"
    >
      <div
        class="bx--tile-container"
      >
        <span
          class="bx--structured-list-td-related-header"
        >
          1
        </span>
        <br />
        <span
          class="bx--structured-list-td-body"
        >
          Related cluster
        </span>
      </div>
    </a>
    <a
      class="bx--link bx--tile bx--tile--clickable"
      tabindex="0"
    >
      <div
        class="bx--tile-container"
      >
        <span
          class="bx--structured-list-td-related-header"
        >
          1
        </span>
        <br />
        <span
          class="bx--structured-list-td-body"
        >
          Related service
        </span>
      </div>
    </a>
    <a
      class="bx--link bx--tile bx--tile--clickable"
      tabindex="0"
    >
      <div
        class="bx--tile-container"
      >
        <span
          class="bx--structured-list-td-related-header"
        >
          1
        </span>
        <br />
        <span
          class="bx--structured-list-td-body"
        >
          Related deployment
        </span>
      </div>
    </a>
    <a
      class="bx--link bx--tile bx--tile--clickable"
      tabindex="0"
    >
      <div
        class="bx--tile-container"
      >
        <span
          class="bx--structured-list-td-related-header"
        >
          1
        </span>
        <br />
        <span
          class="bx--structured-list-td-body"
        >
          Related replicaset
        </span>
      </div>
    </a>
  </div>,
  "contentType": null,
  "isEntity": true,
  "modes": Array [
    Object {
      "defaultMode": true,
      "direct": [Function],
      "label": "Related Resources",
      "leaveBottomStripeAlone": true,
      "mode": "related",
      "order": 4,
    },
  ],
  "name": "Related resources for search results: pod",
  "packageName": null,
  "type": "custom",
  "viewName": "pod",
}
`;

exports[`Building Sidecar should build a resource sidecar with tabs [Summary, YAML, Related Resources] 1`] = `
Object {
  "badges": Array [
    "icp-memcached",
  ],
  "content": <div
    class="scrollable bx--structured-list--summary"
  >
    <section
      aria-label="Structured list section"
      class="bx--structured-list"
    >
      <div
        class="bx--structured-list-tbody"
      >
        <div
          class="bx--structured-list-row"
        >
          <div
            class="bx--structured-list-td"
          >
            <span
              class="bx--structured-list-td-header"
            >
              cluster
            </span>
            <br />
            <span
              class="bx--structured-list-td-body"
            >
              local-cluster
            </span>
          </div>
        </div>
        <div
          class="bx--structured-list-row"
        >
          <div
            class="bx--structured-list-td"
          >
            <span
              class="bx--structured-list-td-header"
            >
              container
            </span>
            <br />
            <span
              class="bx--structured-list-td-body"
            >
              icp-memcached
            </span>
          </div>
        </div>
        <div
          class="bx--structured-list-row"
        >
          <div
            class="bx--structured-list-td"
          >
            <span
              class="bx--structured-list-td-header"
            >
              created
            </span>
            <br />
            <span
              class="bx--structured-list-td-body"
            >
              2019-09-17T18:17:13Z
            </span>
          </div>
        </div>
        <div
          class="bx--structured-list-row"
        >
          <div
            class="bx--structured-list-td"
          >
            <span
              class="bx--structured-list-td-header"
            >
              hostIP
            </span>
            <br />
            <span
              class="bx--structured-list-td-body"
            >
              9.30.206.76
            </span>
          </div>
        </div>
        <div
          class="bx--structured-list-row"
        >
          <div
            class="bx--structured-list-td"
          >
            <span
              class="bx--structured-list-td-header"
            >
              image
            </span>
            <br />
            <span
              class="bx--structured-list-td-body"
            >
              hyc-cloud-private-edge-docker-local.artifactory.swg-devops.com/ibmcom-amd64/icp-memcached:latest
            </span>
          </div>
        </div>
        <div
          class="bx--structured-list-row"
        >
          <div
            class="bx--structured-list-td"
          >
            <span
              class="bx--structured-list-td-header"
            >
              kind
            </span>
            <br />
            <span
              class="bx--structured-list-td-body"
            >
              pod
            </span>
          </div>
        </div>
        <div
          class="bx--structured-list-row"
        >
          <div
            class="bx--structured-list-td"
          >
            <span
              class="bx--structured-list-td-header"
            >
              label
            </span>
            <br />
            <span
              class="bx--structured-list-td-body"
            >
              app=icp-memcached; chart=system-healthcheck-service-99.99.99; pod-template-hash=5bd5ddbd86; release=system-healthcheck-service
            </span>
          </div>
        </div>
        <div
          class="bx--structured-list-row"
        >
          <div
            class="bx--structured-list-td"
          >
            <span
              class="bx--structured-list-td-header"
            >
              name
            </span>
            <br />
            <span
              class="bx--structured-list-td-body"
            >
              icp-memcached-5bd5ddbd86-9ckrj
            </span>
          </div>
        </div>
        <div
          class="bx--structured-list-row"
        >
          <div
            class="bx--structured-list-td"
          >
            <span
              class="bx--structured-list-td-header"
            >
              namespace
            </span>
            <br />
            <span
              class="bx--structured-list-td-body"
            >
              kube-system
            </span>
          </div>
        </div>
        <div
          class="bx--structured-list-row"
        >
          <div
            class="bx--structured-list-td"
          >
            <span
              class="bx--structured-list-td-header"
            >
              podIP
            </span>
            <br />
            <span
              class="bx--structured-list-td-body"
            >
              10.1.222.115
            </span>
          </div>
        </div>
        <div
          class="bx--structured-list-row"
        >
          <div
            class="bx--structured-list-td"
          >
            <span
              class="bx--structured-list-td-header"
            >
              restarts
            </span>
            <br />
            <span
              class="bx--structured-list-td-body"
            >
              0
            </span>
          </div>
        </div>
        <div
          class="bx--structured-list-row"
        >
          <div
            class="bx--structured-list-td"
          >
            <span
              class="bx--structured-list-td-header"
            >
              selfLink
            </span>
            <br />
            <span
              class="bx--structured-list-td-body"
            >
              /api/v1/namespaces/kube-system/pods/icp-memcached-5bd5ddbd86-9ckrj
            </span>
          </div>
        </div>
        <div
          class="bx--structured-list-row"
        >
          <div
            class="bx--structured-list-td"
          >
            <span
              class="bx--structured-list-td-header"
            >
              startedAt
            </span>
            <br />
            <span
              class="bx--structured-list-td-body"
            >
              2019-09-17T18:17:13Z
            </span>
          </div>
        </div>
        <div
          class="bx--structured-list-row"
        >
          <div
            class="bx--structured-list-td"
          >
            <span
              class="bx--structured-list-td-header"
            >
              status
            </span>
            <br />
            <span
              class="bx--structured-list-td-body"
            >
              Running
            </span>
          </div>
        </div>
      </div>
    </section>
  </div>,
  "contentType": "json",
  "isEntity": true,
  "modes": Array [
    Object {
      "defaultMode": true,
      "direct": [Function],
      "label": "Summary",
      "leaveBottomStripeAlone": true,
      "mode": "summary",
      "order": 1,
    },
    Object {
      "defaultMode": true,
      "direct": [Function],
      "label": "YAML",
      "leaveBottomStripeAlone": true,
      "mode": "yaml",
      "order": 2,
    },
    Object {
      "defaultMode": true,
      "direct": [Function],
      "label": "Logs",
      "leaveBottomStripeAlone": true,
      "mode": "logging",
      "order": 3,
    },
    Object {
      "defaultMode": true,
      "direct": [Function],
      "label": "Related Resources",
      "leaveBottomStripeAlone": true,
      "mode": "related",
      "order": 4,
    },
  ],
  "name": "icp-memcached-5bd5ddbd86-9ckrj",
  "packageName": "kube-system",
  "type": "custom",
  "viewName": "pod",
}
`;
