// Jest Snapshot v1, https://goo.gl/fbAQLP

exports[`Search Plugin should return a command tree 1`] = `
Object {
  "cmdToPlugin": Object {},
  "plugin": "plugin-search",
  "scanCache": Object {
    "commandToPlugin": Object {
      "/mock/command/delete": "plugin-mock-1",
      "/mock/command/describe": "plugin-mock-2",
      "/mock/command/run": "plugin-mock-1",
    },
    "isSubtreeSynonym": Object {},
    "isSynonym": Object {},
    "overrides": Object {},
    "registrar": Object {
      "plugin-mock-1": undefined,
      "plugin-mock-2": undefined,
    },
    "topological": Object {},
    "usage": Object {},
  },
}
`;

exports[`Search Plugin should return search plugin commands 1`] = `Promise {}`;
